0 verbose cli D:\node.exe D:\node_modules\npm\bin\npm-cli.js
1 info using npm@11.17.0
2 info using node@v24.19.0
3 silly config load:file:D:\node_modules\npm\npmrc
4 silly config load:file:E:\DarkSequence\.npmrc
5 silly config load:file:C:\Users\周立宇\.npmrc
6 silly config load:file:D:\npm-global\etc\npmrc
7 verbose title npm i ffmpeg-static
8 verbose argv "i" "--save-dev" "ffmpeg-static" "--cache" "E:/DarkSequence/.npm-cache"
9 verbose logfile logs-max:10 dir:E:\DarkSequence\.npm-cache\_logs\2026-08-24T07_42_58_126Z-
10 verbose logfile E:\DarkSequence\.npm-cache\_logs\2026-08-24T07_42_58_126Z-debug-0.log
11 silly logfile done cleaning log files
12 silly packumentCache heap:4496293888 maxSize:1124073472 maxEntrySize:562036736
13 silly idealTree buildDeps
14 silly fetch manifest ffmpeg-static@*
15 silly packumentCache full:https://registry.npmmirror.com/ffmpeg-static cache-miss
16 http fetch GET 200 https://registry.npmmirror.com/ffmpeg-static 349ms (cache miss)
17 silly packumentCache full:https://registry.npmmirror.com/ffmpeg-static set size:16634 disposed:false
18 silly placeDep ROOT ffmpeg-static@5.3.0 OK for: dark-sequence@0.1.0 want: *
19 silly fetch manifest @derhuerst/http-basic@^8.2.0
20 silly packumentCache full:https://registry.npmmirror.com/@derhuerst%2fhttp-basic cache-miss
21 silly fetch manifest env-paths@^2.2.0
22 silly packumentCache full:https://registry.npmmirror.com/env-paths cache-miss
23 silly fetch manifest https-proxy-agent@^5.0.0
24 silly packumentCache full:https://registry.npmmirror.com/https-proxy-agent cache-miss
25 silly fetch manifest progress@^2.0.3
26 silly packumentCache full:https://registry.npmmirror.com/progress cache-miss
27 http fetch GET 200 https://registry.npmmirror.com/@derhuerst%2fhttp-basic 114ms (cache miss)
28 silly packumentCache full:https://registry.npmmirror.com/@derhuerst%2fhttp-basic set size:6943 disposed:false
29 http fetch GET 200 https://registry.npmmirror.com/progress 249ms (cache miss)
30 silly packumentCache full:https://registry.npmmirror.com/progress set size:6905 disposed:false
31 http fetch GET 200 https://registry.npmmirror.com/env-paths 251ms (cache miss)
32 silly packumentCache full:https://registry.npmmirror.com/env-paths set size:5253 disposed:false
33 http fetch GET 200 https://registry.npmmirror.com/https-proxy-agent 261ms (cache miss)
34 silly packumentCache full:https://registry.npmmirror.com/https-proxy-agent set size:16374 disposed:false
35 silly placeDep ROOT @derhuerst/http-basic@8.2.4 OK for: ffmpeg-static@5.3.0 want: ^8.2.0
36 silly placeDep ROOT env-paths@2.2.1 OK for: ffmpeg-static@5.3.0 want: ^2.2.0
37 silly placeDep ROOT https-proxy-agent@5.0.1 OK for: ffmpeg-static@5.3.0 want: ^5.0.0
38 silly placeDep ROOT progress@2.0.3 OK for: ffmpeg-static@5.3.0 want: ^2.0.3
39 silly fetch manifest caseless@^0.12.0
40 silly packumentCache full:https://registry.npmmirror.com/caseless cache-miss
41 silly fetch manifest concat-stream@^2.0.0
42 silly packumentCache full:https://registry.npmmirror.com/concat-stream cache-miss
43 silly fetch manifest http-response-object@^3.0.1
44 silly packumentCache full:https://registry.npmmirror.com/http-response-object cache-miss
45 silly fetch manifest parse-cache-control@^1.0.1
46 silly packumentCache full:https://registry.npmmirror.com/parse-cache-control cache-miss
47 silly fetch manifest agent-base@6
48 silly packumentCache full:https://registry.npmmirror.com/agent-base cache-miss
49 silly fetch manifest debug@4
50 silly packumentCache full:https://registry.npmmirror.com/debug cache-miss
51 http fetch GET 200 https://registry.npmmirror.com/caseless 101ms (cache miss)
52 silly packumentCache full:https://registry.npmmirror.com/caseless set size:3907 disposed:false
53 http fetch GET 200 https://registry.npmmirror.com/concat-stream 122ms (cache miss)
54 silly packumentCache full:https://registry.npmmirror.com/concat-stream set size:11207 disposed:false
55 http fetch GET 200 https://registry.npmmirror.com/parse-cache-control 143ms (cache miss)
56 silly packumentCache full:https://registry.npmmirror.com/parse-cache-control set size:1130 disposed:false
57 http fetch GET 200 https://registry.npmmirror.com/http-response-object 192ms (cache miss)
58 silly packumentCache full:https://registry.npmmirror.com/http-response-object set size:3984 disposed:false
59 http fetch GET 200 https://registry.npmmirror.com/agent-base 348ms (cache miss)
60 silly packumentCache full:https://registry.npmmirror.com/agent-base set size:13928 disposed:false
61 http fetch GET 200 https://registry.npmmirror.com/debug 358ms (cache miss)
62 silly packumentCache full:https://registry.npmmirror.com/debug set size:32036 disposed:false
63 silly placeDep ROOT caseless@0.12.0 OK for: @derhuerst/http-basic@8.2.4 want: ^0.12.0
64 silly placeDep ROOT concat-stream@2.0.0 OK for: @derhuerst/http-basic@8.2.4 want: ^2.0.0
65 silly placeDep ROOT http-response-object@3.0.2 OK for: @derhuerst/http-basic@8.2.4 want: ^3.0.1
66 silly placeDep ROOT parse-cache-control@1.0.1 OK for: @derhuerst/http-basic@8.2.4 want: ^1.0.1
67 silly fetch manifest buffer-from@^1.0.0
68 silly packumentCache full:https://registry.npmmirror.com/buffer-from cache-miss
69 silly fetch manifest inherits@^2.0.3
70 silly packumentCache full:https://registry.npmmirror.com/inherits cache-miss
71 silly fetch manifest readable-stream@^3.0.2
72 silly packumentCache full:https://registry.npmmirror.com/readable-stream cache-miss
73 silly fetch manifest typedarray@^0.0.6
74 silly packumentCache full:https://registry.npmmirror.com/typedarray cache-miss
75 silly fetch manifest @types/node@^10.0.3
76 silly packumentCache full:https://registry.npmmirror.com/@types%2fnode cache-miss
77 http fetch GET 200 https://registry.npmmirror.com/buffer-from 95ms (cache miss)
78 silly packumentCache full:https://registry.npmmirror.com/buffer-from set size:3455 disposed:false
79 http fetch GET 200 https://registry.npmmirror.com/inherits 99ms (cache miss)
80 silly packumentCache full:https://registry.npmmirror.com/inherits set size:3419 disposed:false
81 http fetch GET 200 https://registry.npmmirror.com/@types%2fnode 120ms (cache revalidated)
82 silly packumentCache full:https://registry.npmmirror.com/@types%2fnode set size:10333262 disposed:false
83 http fetch GET 200 https://registry.npmmirror.com/readable-stream 236ms (cache miss)
84 silly packumentCache full:https://registry.npmmirror.com/readable-stream set size:40678 disposed:false
85 http fetch GET 200 https://registry.npmmirror.com/typedarray 242ms (cache miss)
86 silly packumentCache full:https://registry.npmmirror.com/typedarray set size:4959 disposed:false
87 silly placeDep ROOT buffer-from@1.1.2 OK for: concat-stream@2.0.0 want: ^1.0.0
88 silly placeDep ROOT inherits@2.0.4 OK for: concat-stream@2.0.0 want: ^2.0.3
89 silly placeDep ROOT readable-stream@3.6.2 OK for: concat-stream@2.0.0 want: ^3.0.2
90 silly placeDep ROOT typedarray@0.0.6 OK for: concat-stream@2.0.0 want: ^0.0.6
91 silly fetch manifest string_decoder@^1.1.1
92 silly packumentCache full:https://registry.npmmirror.com/string_decoder cache-miss
93 silly fetch manifest util-deprecate@^1.0.1
94 silly packumentCache full:https://registry.npmmirror.com/util-deprecate cache-miss
95 http fetch GET 200 https://registry.npmmirror.com/string_decoder 82ms (cache miss)
96 silly packumentCache full:https://registry.npmmirror.com/string_decoder set size:5759 disposed:false
97 http fetch GET 200 https://registry.npmmirror.com/util-deprecate 83ms (cache miss)
98 silly packumentCache full:https://registry.npmmirror.com/util-deprecate set size:2289 disposed:false
99 silly placeDep ROOT @types/node@10.17.60 OK for: http-response-object@3.0.2 want: ^10.0.3
100 silly placeDep ROOT agent-base@6.0.2 OK for: https-proxy-agent@5.0.1 want: 6
101 silly placeDep ROOT debug@4.4.3 OK for: https-proxy-agent@5.0.1 want: 4
102 silly fetch manifest ms@^2.1.3
103 silly packumentCache full:https://registry.npmmirror.com/ms cache-miss
104 http fetch GET 200 https://registry.npmmirror.com/ms 107ms (cache miss)
105 silly packumentCache full:https://registry.npmmirror.com/ms set size:15985 disposed:false
106 silly placeDep ROOT ms@2.1.3 OK for: debug@4.4.3 want: ^2.1.3
107 silly placeDep ROOT string_decoder@1.3.0 OK for: readable-stream@3.6.2 want: ^1.1.1
108 silly placeDep ROOT util-deprecate@1.0.2 OK for: readable-stream@3.6.2 want: ^1.0.1
109 silly fetch manifest safe-buffer@~5.2.0
110 silly packumentCache full:https://registry.npmmirror.com/safe-buffer cache-miss
111 http fetch GET 200 https://registry.npmmirror.com/safe-buffer 97ms (cache miss)
112 silly packumentCache full:https://registry.npmmirror.com/safe-buffer set size:11685 disposed:false
113 silly placeDep ROOT safe-buffer@5.2.1 OK for: string_decoder@1.3.0 want: ~5.2.0
114 silly fetch manifest @types/node@^18.0.0 || ^20.0.0 || >=22.0.0
115 silly packumentCache full:https://registry.npmmirror.com/@types%2fnode cache-miss
116 http cache https://registry.npmmirror.com/@types%2fnode 28ms (cache hit)
117 silly packumentCache full:https://registry.npmmirror.com/@types%2fnode set size:10333262 disposed:false
118 silly placeDep ROOT @types/node@26.2.0 REPLACE for: vite@6.4.3 want: ^18.0.0 || ^20.0.0 || >=22.0.0
119 silly fetch manifest undici-types@~8.3.0
120 silly packumentCache full:https://registry.npmmirror.com/undici-types cache-miss
121 http fetch GET 200 https://registry.npmmirror.com/undici-types 509ms (cache miss)
122 silly packumentCache full:https://registry.npmmirror.com/undici-types set size:47441 disposed:false
123 silly placeDep ROOT undici-types@8.3.0 OK for: @types/node@26.2.0 want: ~8.3.0
124 silly placeDep node_modules/http-response-object @types/node@10.17.60 OK for: http-response-object@3.0.2 want: ^10.0.3
125 silly reify moves {}
126 silly audit bulk request {
126 silly audit   '@esbuild/aix-ppc64': [ '0.25.12', '0.28.2' ],
126 silly audit   '@esbuild/android-arm': [ '0.25.12', '0.28.2' ],
126 silly audit   '@esbuild/android-arm64': [ '0.25.12', '0.28.2' ],
126 silly audit   '@esbuild/android-x64': [ '0.25.12', '0.28.2' ],
126 silly audit   '@esbuild/darwin-arm64': [ '0.25.12', '0.28.2' ],
126 silly audit   '@esbuild/darwin-x64': [ '0.25.12', '0.28.2' ],
126 silly audit   '@esbuild/freebsd-arm64': [ '0.25.12', '0.28.2' ],
126 silly audit   '@esbuild/freebsd-x64': [ '0.25.12', '0.28.2' ],
126 silly audit   '@esbuild/linux-arm': [ '0.25.12', '0.28.2' ],
126 silly audit   '@esbuild/linux-arm64': [ '0.25.12', '0.28.2' ],
126 silly audit   '@esbuild/linux-ia32': [ '0.25.12', '0.28.2' ],
126 silly audit   '@esbuild/linux-loong64': [ '0.25.12', '0.28.2' ],
126 silly audit   '@esbuild/linux-mips64el': [ '0.25.12', '0.28.2' ],
126 silly audit   '@esbuild/linux-ppc64': [ '0.25.12', '0.28.2' ],
126 silly audit   '@esbuild/linux-riscv64': [ '0.25.12', '0.28.2' ],
126 silly audit   '@esbuild/linux-s390x': [ '0.25.12', '0.28.2' ],
126 silly audit   '@esbuild/linux-x64': [ '0.25.12', '0.28.2' ],
126 silly audit   '@esbuild/netbsd-arm64': [ '0.25.12', '0.28.2' ],
126 silly audit   '@esbuild/netbsd-x64': [ '0.25.12', '0.28.2' ],
126 silly audit   '@esbuild/openbsd-arm64': [ '0.25.12', '0.28.2' ],
126 silly audit   '@esbuild/openbsd-x64': [ '0.25.12', '0.28.2' ],
126 silly audit   '@esbuild/openharmony-arm64': [ '0.25.12', '0.28.2' ],
126 silly audit   '@esbuild/sunos-x64': [ '0.25.12', '0.28.2' ],
126 silly audit   '@esbuild/win32-arm64': [ '0.25.12', '0.28.2' ],
126 silly audit   '@esbuild/win32-ia32': [ '0.25.12', '0.28.2' ],
126 silly audit   '@esbuild/win32-x64': [ '0.25.12', '0.28.2' ],
126 silly audit   '@napi-rs/lzma-linux-x64-gnu': [ '1.5.1' ],
126 silly audit   '@rollup/rollup-android-arm-eabi': [ '4.62.4' ],
126 silly audit   '@rollup/rollup-android-arm64': [ '4.62.4' ],
126 silly audit   '@rollup/rollup-darwin-arm64': [ '4.62.4' ],
126 silly audit   '@rollup/rollup-darwin-x64': [ '4.62.4' ],
126 silly audit   '@rollup/rollup-freebsd-arm64': [ '4.62.4' ],
126 silly audit   '@rollup/rollup-freebsd-x64': [ '4.62.4' ],
126 silly audit   '@rollup/rollup-linux-arm-gnueabihf': [ '4.62.4' ],
126 silly audit   '@rollup/rollup-linux-arm-musleabihf': [ '4.62.4' ],
126 silly audit   '@rollup/rollup-linux-arm64-gnu': [ '4.62.4' ],
126 silly audit   '@rollup/rollup-linux-arm64-musl': [ '4.62.4' ],
126 silly audit   '@rollup/rollup-linux-loong64-gnu': [ '4.62.4' ],
126 silly audit   '@rollup/rollup-linux-loong64-musl': [ '4.62.4' ],
126 silly audit   '@rollup/rollup-linux-ppc64-gnu': [ '4.62.4' ],
126 silly audit   '@rollup/rollup-linux-ppc64-musl': [ '4.62.4' ],
126 silly audit   '@rollup/rollup-linux-riscv64-gnu': [ '4.62.4' ],
126 silly audit   '@rollup/rollup-linux-riscv64-musl': [ '4.62.4' ],
126 silly audit   '@rollup/rollup-linux-s390x-gnu': [ '4.62.4' ],
126 silly audit   '@rollup/rollup-linux-x64-gnu': [ '4.62.4' ],
126 silly audit   '@rollup/rollup-linux-x64-musl': [ '4.62.4' ],
126 silly audit   '@rollup/rollup-openbsd-x64': [ '4.62.4' ],
126 silly audit   '@rollup/rollup-openharmony-arm64': [ '4.62.4' ],
126 silly audit   '@rollup/rollup-win32-arm64-msvc': [ '4.62.4' ],
126 silly audit   '@rollup/rollup-win32-ia32-msvc': [ '4.62.4' ],
126 silly audit   '@rollup/rollup-win32-x64-gnu': [ '4.62.4' ],
126 silly audit   '@rollup/rollup-win32-x64-msvc': [ '4.62.4' ],
126 silly audit   '@types/estree': [ '1.0.9' ],
126 silly audit   esbuild: [ '0.25.12', '0.28.2' ],
126 silly audit   fdir: [ '6.5.0' ],
126 silly audit   fsevents: [ '2.3.3' ],
126 silly audit   lamejs: [ '1.2.1' ],
126 silly audit   nanoid: [ '3.3.18' ],
126 silly audit   picocolors: [ '1.1.1' ],
126 silly audit   picomatch: [ '4.0.5' ],
126 silly audit   'playwright-core': [ '1.62.1' ],
126 silly audit   postcss: [ '8.5.26' ],
126 silly audit   rollup: [ '4.62.4' ],
126 silly audit   'source-map-js': [ '1.2.1' ],
126 silly audit   tinyglobby: [ '0.2.17' ],
126 silly audit   tsx: [ '4.23.12' ],
126 silly audit   typescript: [ '5.9.3' ],
126 silly audit   'use-strict': [ '1.0.1' ],
126 silly audit   vite: [ '6.4.3' ],
126 silly audit   'ffmpeg-static': [ '5.3.0' ],
126 silly audit   '@derhuerst/http-basic': [ '8.2.4' ],
126 silly audit   'env-paths': [ '2.2.1' ],
126 silly audit   'https-proxy-agent': [ '5.0.1' ],
126 silly audit   progress: [ '2.0.3' ],
126 silly audit   caseless: [ '0.12.0' ],
126 silly audit   'concat-stream': [ '2.0.0' ],
126 silly audit   'http-response-object': [ '3.0.2' ],
126 silly audit   'parse-cache-control': [ '1.0.1' ],
126 silly audit   'buffer-from': [ '1.1.2' ],
126 silly audit   inherits: [ '2.0.4' ],
126 silly audit   'readable-stream': [ '3.6.2' ],
126 silly audit   typedarray: [ '0.0.6' ],
126 silly audit   'agent-base': [ '6.0.2' ],
126 silly audit   debug: [ '4.4.3' ],
126 silly audit   ms: [ '2.1.3' ],
126 silly audit   string_decoder: [ '1.3.0' ],
126 silly audit   'util-deprecate': [ '1.0.2' ],
126 silly audit   'safe-buffer': [ '5.2.1' ],
126 silly audit   '@types/node': [ '10.17.60' ]
126 silly audit }
127 http cache ms@https://registry.npmmirror.com/ms/-/ms-2.1.3.tgz 0ms (cache hit)
128 http cache string_decoder@https://registry.npmmirror.com/string_decoder/-/string_decoder-1.3.0.tgz 0ms (cache hit)
129 http cache safe-buffer@https://registry.npmmirror.com/safe-buffer/-/safe-buffer-5.2.1.tgz 0ms (cache hit)
130 http cache util-deprecate@https://registry.npmmirror.com/util-deprecate/-/util-deprecate-1.0.2.tgz 0ms (cache hit)
131 http cache debug@https://registry.npmmirror.com/debug/-/debug-4.4.3.tgz 0ms (cache hit)
132 http cache typedarray@https://registry.npmmirror.com/typedarray/-/typedarray-0.0.6.tgz 0ms (cache hit)
133 http cache agent-base@https://registry.npmmirror.com/agent-base/-/agent-base-6.0.2.tgz 0ms (cache hit)
134 http cache readable-stream@https://registry.npmmirror.com/readable-stream/-/readable-stream-3.6.2.tgz 0ms (cache hit)
135 http cache buffer-from@https://registry.npmmirror.com/buffer-from/-/buffer-from-1.1.2.tgz 0ms (cache hit)
136 http cache inherits@https://registry.npmmirror.com/inherits/-/inherits-2.0.4.tgz 0ms (cache hit)
137 http cache parse-cache-control@https://registry.npmmirror.com/parse-cache-control/-/parse-cache-control-1.0.1.tgz 0ms (cache hit)
138 http cache concat-stream@https://registry.npmmirror.com/concat-stream/-/concat-stream-2.0.0.tgz 0ms (cache hit)
139 http cache caseless@https://registry.npmmirror.com/caseless/-/caseless-0.12.0.tgz 0ms (cache hit)
140 http cache progress@https://registry.npmmirror.com/progress/-/progress-2.0.3.tgz 0ms (cache hit)
141 http cache http-response-object@https://registry.npmmirror.com/http-response-object/-/http-response-object-3.0.2.tgz 0ms (cache hit)
142 http cache https-proxy-agent@https://registry.npmmirror.com/https-proxy-agent/-/https-proxy-agent-5.0.1.tgz 0ms (cache hit)
143 http cache env-paths@https://registry.npmmirror.com/env-paths/-/env-paths-2.2.1.tgz 0ms (cache hit)
144 silly tarball no local data for ms@https://registry.npmmirror.com/ms/-/ms-2.1.3.tgz. Extracting by manifest.
145 http cache @derhuerst/http-basic@https://registry.npmmirror.com/@derhuerst/http-basic/-/http-basic-8.2.4.tgz 0ms (cache hit)
146 silly tarball no local data for string_decoder@https://registry.npmmirror.com/string_decoder/-/string_decoder-1.3.0.tgz. Extracting by manifest.
147 silly tarball no local data for safe-buffer@https://registry.npmmirror.com/safe-buffer/-/safe-buffer-5.2.1.tgz. Extracting by manifest.
148 http cache @types/node@https://registry.npmmirror.com/@types/node/-/node-10.17.60.tgz 0ms (cache hit)
149 silly tarball no local data for util-deprecate@https://registry.npmmirror.com/util-deprecate/-/util-deprecate-1.0.2.tgz. Extracting by manifest.
150 silly tarball no local data for debug@https://registry.npmmirror.com/debug/-/debug-4.4.3.tgz. Extracting by manifest.
151 http cache ffmpeg-static@https://registry.npmmirror.com/ffmpeg-static/-/ffmpeg-static-5.3.0.tgz 0ms (cache hit)
152 silly tarball no local data for typedarray@https://registry.npmmirror.com/typedarray/-/typedarray-0.0.6.tgz. Extracting by manifest.
153 silly tarball no local data for agent-base@https://registry.npmmirror.com/agent-base/-/agent-base-6.0.2.tgz. Extracting by manifest.
154 silly tarball no local data for readable-stream@https://registry.npmmirror.com/readable-stream/-/readable-stream-3.6.2.tgz. Extracting by manifest.
155 silly tarball no local data for buffer-from@https://registry.npmmirror.com/buffer-from/-/buffer-from-1.1.2.tgz. Extracting by manifest.
156 silly tarball no local data for inherits@https://registry.npmmirror.com/inherits/-/inherits-2.0.4.tgz. Extracting by manifest.
157 silly tarball no local data for parse-cache-control@https://registry.npmmirror.com/parse-cache-control/-/parse-cache-control-1.0.1.tgz. Extracting by manifest.
158 silly tarball no local data for concat-stream@https://registry.npmmirror.com/concat-stream/-/concat-stream-2.0.0.tgz. Extracting by manifest.
159 silly tarball no local data for caseless@https://registry.npmmirror.com/caseless/-/caseless-0.12.0.tgz. Extracting by manifest.
160 silly tarball no local data for progress@https://registry.npmmirror.com/progress/-/progress-2.0.3.tgz. Extracting by manifest.
161 silly tarball no local data for http-response-object@https://registry.npmmirror.com/http-response-object/-/http-response-object-3.0.2.tgz. Extracting by manifest.
162 silly tarball no local data for https-proxy-agent@https://registry.npmmirror.com/https-proxy-agent/-/https-proxy-agent-5.0.1.tgz. Extracting by manifest.
163 silly tarball no local data for env-paths@https://registry.npmmirror.com/env-paths/-/env-paths-2.2.1.tgz. Extracting by manifest.
164 silly tarball no local data for @derhuerst/http-basic@https://registry.npmmirror.com/@derhuerst/http-basic/-/http-basic-8.2.4.tgz. Extracting by manifest.
165 silly tarball no local data for @types/node@https://registry.npmmirror.com/@types/node/-/node-10.17.60.tgz. Extracting by manifest.
166 silly tarball no local data for ffmpeg-static@https://registry.npmmirror.com/ffmpeg-static/-/ffmpeg-static-5.3.0.tgz. Extracting by manifest.
167 http fetch POST 404 https://registry.npmmirror.com/-/npm/v1/security/advisories/bulk 85ms
168 verbose audit error HttpErrorGeneral: 404 Not Found - POST https://registry.npmmirror.com/-/npm/v1/security/advisories/bulk - [NOT_IMPLEMENTED] /-/npm/v1/security/* not implemented yet
168 verbose audit error     at D:\node_modules\npm\node_modules\npm-registry-fetch\lib\check-response.js:103:15
168 verbose audit error     at process.processTicksAndRejections (node:internal/process/task_queues:104:5)
168 verbose audit error     at async #getReport (D:\node_modules\npm\node_modules\@npmcli\arborist\lib\audit-report.js:275:19)
168 verbose audit error     at async AuditReport.run (D:\node_modules\npm\node_modules\@npmcli\arborist\lib\audit-report.js:100:19) {
168 verbose audit error   headers: [Object: null prototype] {
168 verbose audit error     server: [ 'Tengine' ],
168 verbose audit error     date: [ 'Mon, 24 Aug 2026 07:43:03 GMT' ],
168 verbose audit error     'content-type': [ 'application/json' ],
168 verbose audit error     'transfer-encoding': [ 'chunked' ],
168 verbose audit error     connection: [ 'keep-alive' ],
168 verbose audit error     'strict-transport-security': [ 'max-age=5184000' ],
168 verbose audit error     via: [ 'kunlun9.cn3189[,404666]' ],
168 verbose audit error     'timing-allow-origin': [ '*' ],
168 verbose audit error     eagleid: [ '1b98b91d17875573834951253e' ],
168 verbose audit error     'x-fetch-attempts': [ '1' ]
168 verbose audit error   },
168 verbose audit error   statusCode: 404,
168 verbose audit error   code: 'E404',
168 verbose audit error   method: 'POST',
168 verbose audit error   uri: 'https://registry.npmmirror.com/-/npm/v1/security/advisories/bulk',
168 verbose audit error   body: {
168 verbose audit error     error: '[NOT_IMPLEMENTED] /-/npm/v1/security/* not implemented yet'
168 verbose audit error   },
168 verbose audit error   pkgid: undefined
168 verbose audit error }
169 silly audit error [object Object]
170 silly audit report null
171 http fetch GET 200 https://cdn.npmmirror.com/packages/debug/4.4.3/debug-4.4.3.tgz 495ms (cache miss)
172 http fetch GET 200 https://cdn.npmmirror.com/packages/env-paths/2.2.1/env-paths-2.2.1.tgz 551ms (cache miss)
173 http fetch GET 200 https://cdn.npmmirror.com/packages/ms/2.1.3/ms-2.1.3.tgz 687ms (cache miss)
174 http fetch GET 200 https://cdn.npmmirror.com/packages/safe-buffer/5.2.1/safe-buffer-5.2.1.tgz 763ms (cache miss)
175 http fetch GET 200 https://cdn.npmmirror.com/packages/inherits/2.0.4/inherits-2.0.4.tgz 759ms (cache miss)
176 http fetch GET 200 https://cdn.npmmirror.com/packages/http-response-object/3.0.2/http-response-object-3.0.2.tgz 773ms (cache miss)
177 http fetch GET 200 https://cdn.npmmirror.com/packages/typedarray/0.0.6/typedarray-0.0.6.tgz 825ms (cache miss)
178 http fetch GET 200 https://cdn.npmmirror.com/packages/parse-cache-control/1.0.1/parse-cache-control-1.0.1.tgz 847ms (cache miss)
179 http fetch GET 200 https://cdn.npmmirror.com/packages/caseless/0.12.0/caseless-0.12.0.tgz 848ms (cache miss)
180 http fetch GET 200 https://cdn.npmmirror.com/packages/%40derhuerst/http-basic/8.2.4/http-basic-8.2.4.tgz 872ms (cache miss)
181 http fetch GET 200 https://cdn.npmmirror.com/packages/concat-stream/2.0.0/concat-stream-2.0.0.tgz 899ms (cache miss)
182 http fetch GET 200 https://cdn.npmmirror.com/packages/util-deprecate/1.0.2/util-deprecate-1.0.2.tgz 973ms (cache miss)
183 http fetch GET 200 https://cdn.npmmirror.com/packages/https-proxy-agent/5.0.1/https-proxy-agent-5.0.1.tgz 1004ms (cache miss)
184 http fetch GET 200 https://cdn.npmmirror.com/packages/string_decoder/1.3.0/string_decoder-1.3.0.tgz 1057ms (cache miss)
185 http fetch GET 200 https://cdn.npmmirror.com/packages/ffmpeg-static/5.3.0/ffmpeg-static-5.3.0.tgz 1075ms (cache miss)
186 http fetch GET 200 https://cdn.npmmirror.com/packages/buffer-from/1.1.2/buffer-from-1.1.2.tgz 1197ms (cache miss)
187 http fetch GET 200 https://cdn.npmmirror.com/packages/%40types/node/10.17.60/node-10.17.60.tgz 1312ms (cache miss)
188 http fetch GET 200 https://cdn.npmmirror.com/packages/readable-stream/3.6.2/readable-stream-3.6.2.tgz 1400ms (cache miss)
189 http fetch GET 200 https://cdn.npmmirror.com/packages/progress/2.0.3/progress-2.0.3.tgz 1456ms (cache miss)
190 http fetch GET 200 https://cdn.npmmirror.com/packages/agent-base/6.0.2/agent-base-6.0.2.tgz 4751ms (cache miss)
191 info run ffmpeg-static@5.3.0 install node_modules/ffmpeg-static node install.js
192 info run ffmpeg-static@5.3.0 install { code: 0, signal: null }
193 silly ADD node_modules/safe-buffer
194 silly ADD node_modules/util-deprecate
195 silly ADD node_modules/string_decoder
196 silly ADD node_modules/ms
197 silly ADD node_modules/debug
198 silly ADD node_modules/agent-base
199 silly ADD node_modules/typedarray
200 silly ADD node_modules/readable-stream
201 silly ADD node_modules/inherits
202 silly ADD node_modules/buffer-from
203 silly ADD node_modules/parse-cache-control
204 silly ADD node_modules/http-response-object
205 silly ADD node_modules/http-response-object/node_modules/@types/node
206 silly ADD node_modules/concat-stream
207 silly ADD node_modules/caseless
208 silly ADD node_modules/progress
209 silly ADD node_modules/https-proxy-agent
210 silly ADD node_modules/env-paths
211 silly ADD node_modules/@derhuerst/http-basic
212 silly ADD node_modules/ffmpeg-static
213 warn allow-scripts 3 packages have install scripts not yet covered by allowScripts:
213 warn allow-scripts   esbuild@0.25.12 (postinstall: node install.js)
213 warn allow-scripts   esbuild@0.28.2 (postinstall: node install.js)
213 warn allow-scripts   ffmpeg-static@5.3.0 (install: node install.js)
213 warn allow-scripts
213 warn allow-scripts Run `npm approve-scripts --allow-scripts-pending` to review, or `npm approve-scripts <pkg>` to allow.
214 verbose cwd E:\DarkSequence
215 verbose os Windows_NT 10.0.19045
216 verbose node v24.19.0
217 verbose npm  v11.17.0
218 verbose exit 0
219 info ok
