0 verbose cli D:\node.exe D:\node_modules\npm\bin\npm-cli.js
1 info using npm@11.17.0
2 info using node@v24.19.0
3 silly config load:file:D:\node_modules\npm\npmrc
4 silly config load:file:E:\DarkSequence\.npmrc
5 silly config load:file:C:\Users\周立宇\.npmrc
6 silly config load:file:D:\npm-global\etc\npmrc
7 verbose title npm install
8 verbose argv "install" "--cache" "E:/DarkSequence/.npm-cache"
9 verbose logfile logs-max:10 dir:E:\DarkSequence\.npm-cache\_logs\2026-08-24T00_37_46_121Z-
10 verbose logfile E:\DarkSequence\.npm-cache\_logs\2026-08-24T00_37_46_121Z-debug-0.log
11 silly logfile done cleaning log files
12 silly packumentCache heap:4496293888 maxSize:1124073472 maxEntrySize:562036736
13 silly idealTree buildDeps
14 silly reify moves {}
15 silly audit bulk request {
15 silly audit   '@esbuild/aix-ppc64': [ '0.25.12', '0.28.2' ],
15 silly audit   '@esbuild/android-arm': [ '0.25.12', '0.28.2' ],
15 silly audit   '@esbuild/android-arm64': [ '0.25.12', '0.28.2' ],
15 silly audit   '@esbuild/android-x64': [ '0.25.12', '0.28.2' ],
15 silly audit   '@esbuild/darwin-arm64': [ '0.25.12', '0.28.2' ],
15 silly audit   '@esbuild/darwin-x64': [ '0.25.12', '0.28.2' ],
15 silly audit   '@esbuild/freebsd-arm64': [ '0.25.12', '0.28.2' ],
15 silly audit   '@esbuild/freebsd-x64': [ '0.25.12', '0.28.2' ],
15 silly audit   '@esbuild/linux-arm': [ '0.25.12', '0.28.2' ],
15 silly audit   '@esbuild/linux-arm64': [ '0.25.12', '0.28.2' ],
15 silly audit   '@esbuild/linux-ia32': [ '0.25.12', '0.28.2' ],
15 silly audit   '@esbuild/linux-loong64': [ '0.25.12', '0.28.2' ],
15 silly audit   '@esbuild/linux-mips64el': [ '0.25.12', '0.28.2' ],
15 silly audit   '@esbuild/linux-ppc64': [ '0.25.12', '0.28.2' ],
15 silly audit   '@esbuild/linux-riscv64': [ '0.25.12', '0.28.2' ],
15 silly audit   '@esbuild/linux-s390x': [ '0.25.12', '0.28.2' ],
15 silly audit   '@esbuild/linux-x64': [ '0.25.12', '0.28.2' ],
15 silly audit   '@esbuild/netbsd-arm64': [ '0.25.12', '0.28.2' ],
15 silly audit   '@esbuild/netbsd-x64': [ '0.25.12', '0.28.2' ],
15 silly audit   '@esbuild/openbsd-arm64': [ '0.25.12', '0.28.2' ],
15 silly audit   '@esbuild/openbsd-x64': [ '0.25.12', '0.28.2' ],
15 silly audit   '@esbuild/openharmony-arm64': [ '0.25.12', '0.28.2' ],
15 silly audit   '@esbuild/sunos-x64': [ '0.25.12', '0.28.2' ],
15 silly audit   '@esbuild/win32-arm64': [ '0.25.12', '0.28.2' ],
15 silly audit   '@esbuild/win32-ia32': [ '0.25.12', '0.28.2' ],
15 silly audit   '@esbuild/win32-x64': [ '0.25.12', '0.28.2' ],
15 silly audit   '@napi-rs/lzma-linux-x64-gnu': [ '1.5.1' ],
15 silly audit   '@rollup/rollup-android-arm-eabi': [ '4.62.4' ],
15 silly audit   '@rollup/rollup-android-arm64': [ '4.62.4' ],
15 silly audit   '@rollup/rollup-darwin-arm64': [ '4.62.4' ],
15 silly audit   '@rollup/rollup-darwin-x64': [ '4.62.4' ],
15 silly audit   '@rollup/rollup-freebsd-arm64': [ '4.62.4' ],
15 silly audit   '@rollup/rollup-freebsd-x64': [ '4.62.4' ],
15 silly audit   '@rollup/rollup-linux-arm-gnueabihf': [ '4.62.4' ],
15 silly audit   '@rollup/rollup-linux-arm-musleabihf': [ '4.62.4' ],
15 silly audit   '@rollup/rollup-linux-arm64-gnu': [ '4.62.4' ],
15 silly audit   '@rollup/rollup-linux-arm64-musl': [ '4.62.4' ],
15 silly audit   '@rollup/rollup-linux-loong64-gnu': [ '4.62.4' ],
15 silly audit   '@rollup/rollup-linux-loong64-musl': [ '4.62.4' ],
15 silly audit   '@rollup/rollup-linux-ppc64-gnu': [ '4.62.4' ],
15 silly audit   '@rollup/rollup-linux-ppc64-musl': [ '4.62.4' ],
15 silly audit   '@rollup/rollup-linux-riscv64-gnu': [ '4.62.4' ],
15 silly audit   '@rollup/rollup-linux-riscv64-musl': [ '4.62.4' ],
15 silly audit   '@rollup/rollup-linux-s390x-gnu': [ '4.62.4' ],
15 silly audit   '@rollup/rollup-linux-x64-gnu': [ '4.62.4' ],
15 silly audit   '@rollup/rollup-linux-x64-musl': [ '4.62.4' ],
15 silly audit   '@rollup/rollup-openbsd-x64': [ '4.62.4' ],
15 silly audit   '@rollup/rollup-openharmony-arm64': [ '4.62.4' ],
15 silly audit   '@rollup/rollup-win32-arm64-msvc': [ '4.62.4' ],
15 silly audit   '@rollup/rollup-win32-ia32-msvc': [ '4.62.4' ],
15 silly audit   '@rollup/rollup-win32-x64-gnu': [ '4.62.4' ],
15 silly audit   '@rollup/rollup-win32-x64-msvc': [ '4.62.4' ],
15 silly audit   '@types/estree': [ '1.0.9' ],
15 silly audit   esbuild: [ '0.25.12', '0.28.2' ],
15 silly audit   fdir: [ '6.5.0' ],
15 silly audit   fsevents: [ '2.3.3' ],
15 silly audit   nanoid: [ '3.3.18' ],
15 silly audit   picocolors: [ '1.1.1' ],
15 silly audit   picomatch: [ '4.0.5' ],
15 silly audit   'playwright-core': [ '1.62.1' ],
15 silly audit   postcss: [ '8.5.26' ],
15 silly audit   rollup: [ '4.62.4' ],
15 silly audit   'source-map-js': [ '1.2.1' ],
15 silly audit   tinyglobby: [ '0.2.17' ],
15 silly audit   tsx: [ '4.23.12' ],
15 silly audit   typescript: [ '5.9.3' ],
15 silly audit   vite: [ '6.4.3' ]
15 silly audit }
16 http cache typescript@https://registry.npmmirror.com/typescript/-/typescript-5.9.3.tgz 1ms (cache hit)
17 http cache tsx@https://registry.npmmirror.com/tsx/-/tsx-4.23.12.tgz 0ms (cache hit)
18 http cache vite@https://registry.npmmirror.com/vite/-/vite-6.4.3.tgz 0ms (cache hit)
19 http cache source-map-js@https://registry.npmmirror.com/source-map-js/-/source-map-js-1.2.1.tgz 0ms (cache hit)
20 http cache tinyglobby@https://registry.npmmirror.com/tinyglobby/-/tinyglobby-0.2.17.tgz 0ms (cache hit)
21 http cache rollup@https://registry.npmmirror.com/rollup/-/rollup-4.62.4.tgz 0ms (cache hit)
22 http cache postcss@https://registry.npmmirror.com/postcss/-/postcss-8.5.26.tgz 0ms (cache hit)
23 http cache playwright-core@https://registry.npmmirror.com/playwright-core/-/playwright-core-1.62.1.tgz 0ms (cache hit)
24 http cache picomatch@https://registry.npmmirror.com/picomatch/-/picomatch-4.0.5.tgz 0ms (cache hit)
25 http cache picocolors@https://registry.npmmirror.com/picocolors/-/picocolors-1.1.1.tgz 0ms (cache hit)
26 http cache nanoid@https://registry.npmmirror.com/nanoid/-/nanoid-3.3.18.tgz 0ms (cache hit)
27 http cache fdir@https://registry.npmmirror.com/fdir/-/fdir-6.5.0.tgz 0ms (cache hit)
28 http cache esbuild@https://registry.npmmirror.com/esbuild/-/esbuild-0.25.12.tgz 0ms (cache hit)
29 http cache @types/estree@https://registry.npmmirror.com/@types/estree/-/estree-1.0.9.tgz 0ms (cache hit)
30 http cache @rollup/rollup-win32-x64-msvc@https://registry.npmmirror.com/@rollup/rollup-win32-x64-msvc/-/rollup-win32-x64-msvc-4.62.4.tgz 0ms (cache hit)
31 http cache @rollup/rollup-win32-x64-gnu@https://registry.npmmirror.com/@rollup/rollup-win32-x64-gnu/-/rollup-win32-x64-gnu-4.62.4.tgz 0ms (cache hit)
32 http cache @esbuild/win32-x64@https://registry.npmmirror.com/@esbuild/win32-x64/-/win32-x64-0.25.12.tgz 0ms (cache hit)
33 http cache esbuild@https://registry.npmmirror.com/esbuild/-/esbuild-0.28.2.tgz 0ms (cache hit)
34 http cache @esbuild/win32-x64@https://registry.npmmirror.com/@esbuild/win32-x64/-/win32-x64-0.28.2.tgz 0ms (cache hit)
35 http fetch POST 404 https://registry.npmmirror.com/-/npm/v1/security/advisories/bulk 622ms
36 verbose audit error HttpErrorGeneral: 404 Not Found - POST https://registry.npmmirror.com/-/npm/v1/security/advisories/bulk - [NOT_IMPLEMENTED] /-/npm/v1/security/* not implemented yet
36 verbose audit error     at D:\node_modules\npm\node_modules\npm-registry-fetch\lib\check-response.js:103:15
36 verbose audit error     at process.processTicksAndRejections (node:internal/process/task_queues:104:5)
36 verbose audit error     at async #getReport (D:\node_modules\npm\node_modules\@npmcli\arborist\lib\audit-report.js:275:19)
36 verbose audit error     at async AuditReport.run (D:\node_modules\npm\node_modules\@npmcli\arborist\lib\audit-report.js:100:19) {
36 verbose audit error   headers: [Object: null prototype] {
36 verbose audit error     server: [ 'Tengine' ],
36 verbose audit error     date: [ 'Mon, 24 Aug 2026 00:37:49 GMT' ],
36 verbose audit error     'content-type': [ 'application/json' ],
36 verbose audit error     'transfer-encoding': [ 'chunked' ],
36 verbose audit error     connection: [ 'keep-alive' ],
36 verbose audit error     'strict-transport-security': [ 'max-age=5184000' ],
36 verbose audit error     via: [ 'kunlun6.cn9398[,404666]' ],
36 verbose audit error     'timing-allow-origin': [ '*' ],
36 verbose audit error     eagleid: [ '968bf10d17875318698417291e' ],
36 verbose audit error     'x-fetch-attempts': [ '1' ]
36 verbose audit error   },
36 verbose audit error   statusCode: 404,
36 verbose audit error   code: 'E404',
36 verbose audit error   method: 'POST',
36 verbose audit error   uri: 'https://registry.npmmirror.com/-/npm/v1/security/advisories/bulk',
36 verbose audit error   body: {
36 verbose audit error     error: '[NOT_IMPLEMENTED] /-/npm/v1/security/* not implemented yet'
36 verbose audit error   },
36 verbose audit error   pkgid: undefined
36 verbose audit error }
37 silly audit error [object Object]
38 silly audit report null
39 info run esbuild@0.25.12 postinstall node_modules/esbuild node install.js
40 info run esbuild@0.28.2 postinstall node_modules/tsx/node_modules/esbuild node install.js
41 info run esbuild@0.25.12 postinstall { code: 0, signal: null }
42 info run esbuild@0.28.2 postinstall { code: 0, signal: null }
43 silly ADD node_modules/vite
44 silly ADD node_modules/typescript
45 silly ADD node_modules/tsx
46 silly ADD node_modules/tsx/node_modules/esbuild
47 silly ADD node_modules/tsx/node_modules/@esbuild/win32-x64
48 silly ADD node_modules/tinyglobby
49 silly ADD node_modules/source-map-js
50 silly ADD node_modules/rollup
51 silly ADD node_modules/postcss
52 silly ADD node_modules/playwright-core
53 silly ADD node_modules/picomatch
54 silly ADD node_modules/picocolors
55 silly ADD node_modules/nanoid
56 silly ADD node_modules/fdir
57 silly ADD node_modules/esbuild
58 silly ADD node_modules/@types/estree
59 silly ADD node_modules/@rollup/rollup-win32-x64-msvc
60 silly ADD node_modules/@rollup/rollup-win32-x64-gnu
61 silly ADD node_modules/@esbuild/win32-x64
62 warn allow-scripts 2 packages have install scripts not yet covered by allowScripts:
62 warn allow-scripts   esbuild@0.25.12 (postinstall: node install.js)
62 warn allow-scripts   esbuild@0.28.2 (postinstall: node install.js)
62 warn allow-scripts
62 warn allow-scripts Run `npm approve-scripts --allow-scripts-pending` to review, or `npm approve-scripts <pkg>` to allow.
63 verbose cwd E:\DarkSequence
64 verbose os Windows_NT 10.0.19045
65 verbose node v24.19.0
66 verbose npm  v11.17.0
67 verbose exit 0
68 info ok
