0 verbose cli D:\node.exe D:\node_modules\npm\bin\npm-cli.js
1 info using npm@11.17.0
2 info using node@v24.19.0
3 silly config load:file:D:\node_modules\npm\npmrc
4 silly config load:file:E:\DarkSequence\.npmrc
5 silly config load:file:C:\Users\周立宇\.npmrc
6 silly config load:file:D:\npm-global\etc\npmrc
7 verbose title npm i lamejs
8 verbose argv "i" "--save-dev" "lamejs" "--cache" "E:/DarkSequence/.npm-cache"
9 verbose logfile logs-max:10 dir:E:\DarkSequence\.npm-cache\_logs\2026-08-24T07_40_46_758Z-
10 verbose logfile E:\DarkSequence\.npm-cache\_logs\2026-08-24T07_40_46_758Z-debug-0.log
11 silly logfile done cleaning log files
12 silly packumentCache heap:4496293888 maxSize:1124073472 maxEntrySize:562036736
13 silly idealTree buildDeps
14 silly fetch manifest lamejs@*
15 silly packumentCache full:https://registry.npmmirror.com/lamejs cache-miss
16 verbose shrinkwrap failed to load node_modules/.package-lock.json out of date, updated: node_modules
17 http fetch GET 200 https://registry.npmmirror.com/lamejs 797ms (cache miss)
18 silly packumentCache full:https://registry.npmmirror.com/lamejs set size:3900 disposed:false
19 silly placeDep ROOT lamejs@1.2.1 OK for: dark-sequence@0.1.0 want: *
20 silly fetch manifest use-strict@1.0.1
21 silly packumentCache full:https://registry.npmmirror.com/use-strict cache-miss
22 http fetch GET 200 https://registry.npmmirror.com/use-strict 103ms (cache miss)
23 silly packumentCache full:https://registry.npmmirror.com/use-strict set size:1939 disposed:false
24 silly placeDep ROOT use-strict@1.0.1 OK for: lamejs@1.2.1 want: 1.0.1
25 silly reify moves {}
26 silly audit bulk request {
26 silly audit   '@esbuild/aix-ppc64': [ '0.25.12', '0.28.2' ],
26 silly audit   '@esbuild/android-arm': [ '0.25.12', '0.28.2' ],
26 silly audit   '@esbuild/android-arm64': [ '0.25.12', '0.28.2' ],
26 silly audit   '@esbuild/android-x64': [ '0.25.12', '0.28.2' ],
26 silly audit   '@esbuild/darwin-arm64': [ '0.25.12', '0.28.2' ],
26 silly audit   '@esbuild/darwin-x64': [ '0.25.12', '0.28.2' ],
26 silly audit   '@esbuild/freebsd-arm64': [ '0.25.12', '0.28.2' ],
26 silly audit   '@esbuild/freebsd-x64': [ '0.25.12', '0.28.2' ],
26 silly audit   '@esbuild/linux-arm': [ '0.25.12', '0.28.2' ],
26 silly audit   '@esbuild/linux-arm64': [ '0.25.12', '0.28.2' ],
26 silly audit   '@esbuild/linux-ia32': [ '0.25.12', '0.28.2' ],
26 silly audit   '@esbuild/linux-loong64': [ '0.25.12', '0.28.2' ],
26 silly audit   '@esbuild/linux-mips64el': [ '0.25.12', '0.28.2' ],
26 silly audit   '@esbuild/linux-ppc64': [ '0.25.12', '0.28.2' ],
26 silly audit   '@esbuild/linux-riscv64': [ '0.25.12', '0.28.2' ],
26 silly audit   '@esbuild/linux-s390x': [ '0.25.12', '0.28.2' ],
26 silly audit   '@esbuild/linux-x64': [ '0.25.12', '0.28.2' ],
26 silly audit   '@esbuild/netbsd-arm64': [ '0.25.12', '0.28.2' ],
26 silly audit   '@esbuild/netbsd-x64': [ '0.25.12', '0.28.2' ],
26 silly audit   '@esbuild/openbsd-arm64': [ '0.25.12', '0.28.2' ],
26 silly audit   '@esbuild/openbsd-x64': [ '0.25.12', '0.28.2' ],
26 silly audit   '@esbuild/openharmony-arm64': [ '0.25.12', '0.28.2' ],
26 silly audit   '@esbuild/sunos-x64': [ '0.25.12', '0.28.2' ],
26 silly audit   '@esbuild/win32-arm64': [ '0.25.12', '0.28.2' ],
26 silly audit   '@esbuild/win32-ia32': [ '0.25.12', '0.28.2' ],
26 silly audit   '@esbuild/win32-x64': [ '0.25.12', '0.28.2' ],
26 silly audit   '@napi-rs/lzma-linux-x64-gnu': [ '1.5.1' ],
26 silly audit   '@rollup/rollup-android-arm-eabi': [ '4.62.4' ],
26 silly audit   '@rollup/rollup-android-arm64': [ '4.62.4' ],
26 silly audit   '@rollup/rollup-darwin-arm64': [ '4.62.4' ],
26 silly audit   '@rollup/rollup-darwin-x64': [ '4.62.4' ],
26 silly audit   '@rollup/rollup-freebsd-arm64': [ '4.62.4' ],
26 silly audit   '@rollup/rollup-freebsd-x64': [ '4.62.4' ],
26 silly audit   '@rollup/rollup-linux-arm-gnueabihf': [ '4.62.4' ],
26 silly audit   '@rollup/rollup-linux-arm-musleabihf': [ '4.62.4' ],
26 silly audit   '@rollup/rollup-linux-arm64-gnu': [ '4.62.4' ],
26 silly audit   '@rollup/rollup-linux-arm64-musl': [ '4.62.4' ],
26 silly audit   '@rollup/rollup-linux-loong64-gnu': [ '4.62.4' ],
26 silly audit   '@rollup/rollup-linux-loong64-musl': [ '4.62.4' ],
26 silly audit   '@rollup/rollup-linux-ppc64-gnu': [ '4.62.4' ],
26 silly audit   '@rollup/rollup-linux-ppc64-musl': [ '4.62.4' ],
26 silly audit   '@rollup/rollup-linux-riscv64-gnu': [ '4.62.4' ],
26 silly audit   '@rollup/rollup-linux-riscv64-musl': [ '4.62.4' ],
26 silly audit   '@rollup/rollup-linux-s390x-gnu': [ '4.62.4' ],
26 silly audit   '@rollup/rollup-linux-x64-gnu': [ '4.62.4' ],
26 silly audit   '@rollup/rollup-linux-x64-musl': [ '4.62.4' ],
26 silly audit   '@rollup/rollup-openbsd-x64': [ '4.62.4' ],
26 silly audit   '@rollup/rollup-openharmony-arm64': [ '4.62.4' ],
26 silly audit   '@rollup/rollup-win32-arm64-msvc': [ '4.62.4' ],
26 silly audit   '@rollup/rollup-win32-ia32-msvc': [ '4.62.4' ],
26 silly audit   '@rollup/rollup-win32-x64-gnu': [ '4.62.4' ],
26 silly audit   '@rollup/rollup-win32-x64-msvc': [ '4.62.4' ],
26 silly audit   '@types/estree': [ '1.0.9' ],
26 silly audit   esbuild: [ '0.25.12', '0.28.2' ],
26 silly audit   fdir: [ '6.5.0' ],
26 silly audit   fsevents: [ '2.3.3' ],
26 silly audit   nanoid: [ '3.3.18' ],
26 silly audit   picocolors: [ '1.1.1' ],
26 silly audit   picomatch: [ '4.0.5' ],
26 silly audit   'playwright-core': [ '1.62.1' ],
26 silly audit   postcss: [ '8.5.26' ],
26 silly audit   rollup: [ '4.62.4' ],
26 silly audit   'source-map-js': [ '1.2.1' ],
26 silly audit   tinyglobby: [ '0.2.17' ],
26 silly audit   tsx: [ '4.23.12' ],
26 silly audit   typescript: [ '5.9.3' ],
26 silly audit   vite: [ '6.4.3' ],
26 silly audit   lamejs: [ '1.2.1' ],
26 silly audit   'use-strict': [ '1.0.1' ]
26 silly audit }
27 http cache use-strict@https://registry.npmmirror.com/use-strict/-/use-strict-1.0.1.tgz 0ms (cache hit)
28 http cache lamejs@https://registry.npmmirror.com/lamejs/-/lamejs-1.2.1.tgz 0ms (cache hit)
29 silly tarball no local data for use-strict@https://registry.npmmirror.com/use-strict/-/use-strict-1.0.1.tgz. Extracting by manifest.
30 silly tarball no local data for lamejs@https://registry.npmmirror.com/lamejs/-/lamejs-1.2.1.tgz. Extracting by manifest.
31 http fetch POST 404 https://registry.npmmirror.com/-/npm/v1/security/advisories/bulk 58ms
32 verbose audit error HttpErrorGeneral: 404 Not Found - POST https://registry.npmmirror.com/-/npm/v1/security/advisories/bulk - [NOT_IMPLEMENTED] /-/npm/v1/security/* not implemented yet
32 verbose audit error     at D:\node_modules\npm\node_modules\npm-registry-fetch\lib\check-response.js:103:15
32 verbose audit error     at process.processTicksAndRejections (node:internal/process/task_queues:104:5)
32 verbose audit error     at async #getReport (D:\node_modules\npm\node_modules\@npmcli\arborist\lib\audit-report.js:275:19)
32 verbose audit error     at async AuditReport.run (D:\node_modules\npm\node_modules\@npmcli\arborist\lib\audit-report.js:100:19) {
32 verbose audit error   headers: [Object: null prototype] {
32 verbose audit error     server: [ 'Tengine' ],
32 verbose audit error     date: [ 'Mon, 24 Aug 2026 07:40:50 GMT' ],
32 verbose audit error     'content-type': [ 'application/json' ],
32 verbose audit error     'transfer-encoding': [ 'chunked' ],
32 verbose audit error     connection: [ 'keep-alive' ],
32 verbose audit error     'strict-transport-security': [ 'max-age=5184000' ],
32 verbose audit error     via: [ 'kunlun1.cn3189[,404666]' ],
32 verbose audit error     'timing-allow-origin': [ '*' ],
32 verbose audit error     eagleid: [ '1b98b91517875572508696013e' ],
32 verbose audit error     'x-fetch-attempts': [ '1' ]
32 verbose audit error   },
32 verbose audit error   statusCode: 404,
32 verbose audit error   code: 'E404',
32 verbose audit error   method: 'POST',
32 verbose audit error   uri: 'https://registry.npmmirror.com/-/npm/v1/security/advisories/bulk',
32 verbose audit error   body: {
32 verbose audit error     error: '[NOT_IMPLEMENTED] /-/npm/v1/security/* not implemented yet'
32 verbose audit error   },
32 verbose audit error   pkgid: undefined
32 verbose audit error }
33 silly audit error [object Object]
34 silly audit report null
35 http fetch GET 200 https://cdn.npmmirror.com/packages/use-strict/1.0.1/use-strict-1.0.1.tgz 414ms (cache miss)
36 http fetch GET 200 https://cdn.npmmirror.com/packages/lamejs/1.2.1/lamejs-1.2.1.tgz 1557ms (cache miss)
37 silly ADD node_modules/use-strict
38 silly ADD node_modules/lamejs
39 warn allow-scripts 2 packages have install scripts not yet covered by allowScripts:
39 warn allow-scripts   esbuild@0.25.12 (postinstall: node install.js)
39 warn allow-scripts   esbuild@0.28.2 (postinstall: node install.js)
39 warn allow-scripts
39 warn allow-scripts Run `npm approve-scripts --allow-scripts-pending` to review, or `npm approve-scripts <pkg>` to allow.
40 verbose cwd E:\DarkSequence
41 verbose os Windows_NT 10.0.19045
42 verbose node v24.19.0
43 verbose npm  v11.17.0
44 verbose exit 0
45 info ok
