0 verbose cli D:\node.exe D:\node_modules\npm\bin\npm-cli.js
1 info using npm@11.17.0
2 info using node@v24.19.0
3 silly config load:file:D:\node_modules\npm\npmrc
4 silly config load:file:E:\DarkSequence\.npmrc
5 silly config load:file:C:\Users\周立宇\.npmrc
6 silly config load:file:D:\npm-global\etc\npmrc
7 verbose title npm install tsx
8 verbose argv "install" "--save-dev" "tsx" "--cache" "E:/DarkSequence/.npm-cache"
9 verbose logfile logs-max:10 dir:E:\DarkSequence\.npm-cache\_logs\2026-08-21T00_14_01_640Z-
10 verbose logfile E:\DarkSequence\.npm-cache\_logs\2026-08-21T00_14_01_640Z-debug-0.log
11 silly logfile done cleaning log files
12 silly packumentCache heap:4496293888 maxSize:1124073472 maxEntrySize:562036736
13 silly idealTree buildDeps
14 silly fetch manifest tsx@*
15 silly packumentCache full:https://registry.npmmirror.com/tsx cache-miss
16 verbose shrinkwrap failed to load node_modules/.package-lock.json out of date, updated: node_modules
17 http fetch GET 200 https://registry.npmmirror.com/tsx 272ms (cache revalidated)
18 silly packumentCache full:https://registry.npmmirror.com/tsx set size:357782 disposed:false
19 silly placeDep ROOT tsx@4.23.12 OK for: dark-sequence@0.1.0 want: *
20 silly fetch manifest esbuild@~0.28.0
21 silly packumentCache full:https://registry.npmmirror.com/esbuild cache-miss
22 http fetch GET 200 https://registry.npmmirror.com/esbuild 73ms (cache revalidated)
23 silly packumentCache full:https://registry.npmmirror.com/esbuild set size:1015340 disposed:false
24 silly placeDep node_modules/tsx esbuild@0.28.2 OK for: tsx@4.23.12 want: ~0.28.0
25 silly fetch manifest @esbuild/aix-ppc64@0.28.2
26 silly packumentCache full:https://registry.npmmirror.com/@esbuild%2faix-ppc64 cache-miss
27 silly fetch manifest @esbuild/linux-arm@0.28.2
28 silly packumentCache full:https://registry.npmmirror.com/@esbuild%2flinux-arm cache-miss
29 silly fetch manifest @esbuild/linux-x64@0.28.2
30 silly packumentCache full:https://registry.npmmirror.com/@esbuild%2flinux-x64 cache-miss
31 silly fetch manifest @esbuild/sunos-x64@0.28.2
32 silly packumentCache full:https://registry.npmmirror.com/@esbuild%2fsunos-x64 cache-miss
33 silly fetch manifest @esbuild/win32-x64@0.28.2
34 silly packumentCache full:https://registry.npmmirror.com/@esbuild%2fwin32-x64 cache-miss
35 silly fetch manifest @esbuild/darwin-x64@0.28.2
36 silly packumentCache full:https://registry.npmmirror.com/@esbuild%2fdarwin-x64 cache-miss
37 silly fetch manifest @esbuild/linux-ia32@0.28.2
38 silly packumentCache full:https://registry.npmmirror.com/@esbuild%2flinux-ia32 cache-miss
39 silly fetch manifest @esbuild/netbsd-x64@0.28.2
40 silly packumentCache full:https://registry.npmmirror.com/@esbuild%2fnetbsd-x64 cache-miss
41 silly fetch manifest @esbuild/win32-ia32@0.28.2
42 silly packumentCache full:https://registry.npmmirror.com/@esbuild%2fwin32-ia32 cache-miss
43 silly fetch manifest @esbuild/android-arm@0.28.2
44 silly packumentCache full:https://registry.npmmirror.com/@esbuild%2fandroid-arm cache-miss
45 silly fetch manifest @esbuild/android-x64@0.28.2
46 silly packumentCache full:https://registry.npmmirror.com/@esbuild%2fandroid-x64 cache-miss
47 silly fetch manifest @esbuild/freebsd-x64@0.28.2
48 silly packumentCache full:https://registry.npmmirror.com/@esbuild%2ffreebsd-x64 cache-miss
49 silly fetch manifest @esbuild/linux-arm64@0.28.2
50 silly packumentCache full:https://registry.npmmirror.com/@esbuild%2flinux-arm64 cache-miss
51 silly fetch manifest @esbuild/linux-ppc64@0.28.2
52 silly packumentCache full:https://registry.npmmirror.com/@esbuild%2flinux-ppc64 cache-miss
53 silly fetch manifest @esbuild/linux-s390x@0.28.2
54 silly packumentCache full:https://registry.npmmirror.com/@esbuild%2flinux-s390x cache-miss
55 http fetch GET 200 https://registry.npmmirror.com/@esbuild%2flinux-x64 91ms (cache revalidated)
56 silly packumentCache full:https://registry.npmmirror.com/@esbuild%2flinux-x64 set size:212300 disposed:false
57 silly fetch manifest @esbuild/openbsd-x64@0.28.2
58 silly packumentCache full:https://registry.npmmirror.com/@esbuild%2fopenbsd-x64 cache-miss
59 http fetch GET 200 https://registry.npmmirror.com/@esbuild%2fopenbsd-x64 63ms (cache revalidated)
60 silly packumentCache full:https://registry.npmmirror.com/@esbuild%2fopenbsd-x64 set size:213934 disposed:false
61 silly fetch manifest @esbuild/win32-arm64@0.28.2
62 silly packumentCache full:https://registry.npmmirror.com/@esbuild%2fwin32-arm64 cache-miss
63 http fetch GET 200 https://registry.npmmirror.com/@esbuild%2fwin32-ia32 190ms (cache revalidated)
64 silly packumentCache full:https://registry.npmmirror.com/@esbuild%2fwin32-ia32 set size:213212 disposed:false
65 silly fetch manifest @esbuild/darwin-arm64@0.28.2
66 silly packumentCache full:https://registry.npmmirror.com/@esbuild%2fdarwin-arm64 cache-miss
67 http fetch GET 200 https://registry.npmmirror.com/@esbuild%2fsunos-x64 200ms (cache revalidated)
68 silly packumentCache full:https://registry.npmmirror.com/@esbuild%2fsunos-x64 set size:212545 disposed:false
69 silly fetch manifest @esbuild/netbsd-arm64@0.28.2
70 silly packumentCache full:https://registry.npmmirror.com/@esbuild%2fnetbsd-arm64 cache-miss
71 http fetch GET 200 https://registry.npmmirror.com/@esbuild%2flinux-arm 203ms (cache revalidated)
72 silly packumentCache full:https://registry.npmmirror.com/@esbuild%2flinux-arm set size:211954 disposed:false
73 silly fetch manifest @esbuild/android-arm64@0.28.2
74 silly packumentCache full:https://registry.npmmirror.com/@esbuild%2fandroid-arm64 cache-miss
75 http fetch GET 200 https://registry.npmmirror.com/@esbuild%2flinux-ppc64 202ms (cache revalidated)
76 silly packumentCache full:https://registry.npmmirror.com/@esbuild%2flinux-ppc64 set size:216203 disposed:false
77 silly fetch manifest @esbuild/freebsd-arm64@0.28.2
78 silly packumentCache full:https://registry.npmmirror.com/@esbuild%2ffreebsd-arm64 cache-miss
79 http fetch GET 200 https://registry.npmmirror.com/@esbuild%2flinux-s390x 208ms (cache revalidated)
80 silly packumentCache full:https://registry.npmmirror.com/@esbuild%2flinux-s390x set size:215668 disposed:false
81 silly fetch manifest @esbuild/linux-loong64@0.28.2
82 silly packumentCache full:https://registry.npmmirror.com/@esbuild%2flinux-loong64 cache-miss
83 http fetch GET 200 https://registry.npmmirror.com/@esbuild%2fnetbsd-x64 211ms (cache revalidated)
84 silly packumentCache full:https://registry.npmmirror.com/@esbuild%2fnetbsd-x64 set size:210672 disposed:false
85 silly fetch manifest @esbuild/linux-riscv64@0.28.2
86 silly packumentCache full:https://registry.npmmirror.com/@esbuild%2flinux-riscv64 cache-miss
87 http fetch GET 200 https://registry.npmmirror.com/@esbuild%2fandroid-x64 215ms (cache revalidated)
88 silly packumentCache full:https://registry.npmmirror.com/@esbuild%2fandroid-x64 set size:212375 disposed:false
89 silly fetch manifest @esbuild/openbsd-arm64@0.28.2
90 silly packumentCache full:https://registry.npmmirror.com/@esbuild%2fopenbsd-arm64 cache-miss
91 http fetch GET 200 https://registry.npmmirror.com/@esbuild%2flinux-arm64 215ms (cache revalidated)
92 silly packumentCache full:https://registry.npmmirror.com/@esbuild%2flinux-arm64 set size:214131 disposed:false
93 silly fetch manifest @esbuild/linux-mips64el@0.28.2
94 silly packumentCache full:https://registry.npmmirror.com/@esbuild%2flinux-mips64el cache-miss
95 http fetch GET 200 https://registry.npmmirror.com/@esbuild%2fdarwin-x64 221ms (cache revalidated)
96 silly packumentCache full:https://registry.npmmirror.com/@esbuild%2fdarwin-x64 set size:213028 disposed:false
97 silly fetch manifest @esbuild/openharmony-arm64@0.28.2
98 silly packumentCache full:https://registry.npmmirror.com/@esbuild%2fopenharmony-arm64 cache-miss
99 http fetch GET 200 https://registry.npmmirror.com/@esbuild%2flinux-ia32 224ms (cache revalidated)
100 silly packumentCache full:https://registry.npmmirror.com/@esbuild%2flinux-ia32 set size:212983 disposed:false
101 http fetch GET 200 https://registry.npmmirror.com/@esbuild%2ffreebsd-x64 225ms (cache revalidated)
102 silly packumentCache full:https://registry.npmmirror.com/@esbuild%2ffreebsd-x64 set size:213923 disposed:false
103 http fetch GET 200 https://registry.npmmirror.com/@esbuild%2fandroid-arm 228ms (cache revalidated)
104 silly packumentCache full:https://registry.npmmirror.com/@esbuild%2fandroid-arm set size:239348 disposed:false
105 http fetch GET 200 https://registry.npmmirror.com/@esbuild%2fwin32-x64 230ms (cache revalidated)
106 silly packumentCache full:https://registry.npmmirror.com/@esbuild%2fwin32-x64 set size:210764 disposed:false
107 http fetch GET 200 https://registry.npmmirror.com/@esbuild%2faix-ppc64 233ms (cache revalidated)
108 silly packumentCache full:https://registry.npmmirror.com/@esbuild%2faix-ppc64 set size:73829 disposed:false
109 http fetch GET 200 https://registry.npmmirror.com/@esbuild%2fwin32-arm64 75ms (cache revalidated)
110 silly packumentCache full:https://registry.npmmirror.com/@esbuild%2fwin32-arm64 set size:214363 disposed:false
111 http fetch GET 200 https://registry.npmmirror.com/@esbuild%2fdarwin-arm64 76ms (cache revalidated)
112 silly packumentCache full:https://registry.npmmirror.com/@esbuild%2fdarwin-arm64 set size:214829 disposed:false
113 http fetch GET 200 https://registry.npmmirror.com/@esbuild%2fnetbsd-arm64 83ms (cache revalidated)
114 silly packumentCache full:https://registry.npmmirror.com/@esbuild%2fnetbsd-arm64 set size:48058 disposed:false
115 http fetch GET 200 https://registry.npmmirror.com/@esbuild%2fandroid-arm64 82ms (cache revalidated)
116 silly packumentCache full:https://registry.npmmirror.com/@esbuild%2fandroid-arm64 set size:217708 disposed:false
117 http fetch GET 200 https://registry.npmmirror.com/@esbuild%2ffreebsd-arm64 81ms (cache revalidated)
118 silly packumentCache full:https://registry.npmmirror.com/@esbuild%2ffreebsd-arm64 set size:215741 disposed:false
119 http fetch GET 200 https://registry.npmmirror.com/@esbuild%2flinux-loong64 76ms (cache revalidated)
120 silly packumentCache full:https://registry.npmmirror.com/@esbuild%2flinux-loong64 set size:270665 disposed:false
121 http fetch GET 200 https://registry.npmmirror.com/@esbuild%2fopenbsd-arm64 75ms (cache revalidated)
122 silly packumentCache full:https://registry.npmmirror.com/@esbuild%2fopenbsd-arm64 set size:53928 disposed:false
123 http fetch GET 200 https://registry.npmmirror.com/@esbuild%2flinux-mips64el 75ms (cache revalidated)
124 silly packumentCache full:https://registry.npmmirror.com/@esbuild%2flinux-mips64el set size:217991 disposed:false
125 http fetch GET 200 https://registry.npmmirror.com/@esbuild%2fopenharmony-arm64 72ms (cache revalidated)
126 silly packumentCache full:https://registry.npmmirror.com/@esbuild%2fopenharmony-arm64 set size:35732 disposed:false
127 http fetch GET 200 https://registry.npmmirror.com/@esbuild%2flinux-riscv64 83ms (cache revalidated)
128 silly packumentCache full:https://registry.npmmirror.com/@esbuild%2flinux-riscv64 set size:215870 disposed:false
129 silly placeDep node_modules/tsx @esbuild/aix-ppc64@0.28.2 OK for: esbuild@0.28.2 want: 0.28.2
130 silly placeDep node_modules/tsx @esbuild/android-arm@0.28.2 OK for: esbuild@0.28.2 want: 0.28.2
131 silly placeDep node_modules/tsx @esbuild/android-arm64@0.28.2 OK for: esbuild@0.28.2 want: 0.28.2
132 silly placeDep node_modules/tsx @esbuild/android-x64@0.28.2 OK for: esbuild@0.28.2 want: 0.28.2
133 silly placeDep node_modules/tsx @esbuild/darwin-arm64@0.28.2 OK for: esbuild@0.28.2 want: 0.28.2
134 silly placeDep node_modules/tsx @esbuild/darwin-x64@0.28.2 OK for: esbuild@0.28.2 want: 0.28.2
135 silly placeDep node_modules/tsx @esbuild/freebsd-arm64@0.28.2 OK for: esbuild@0.28.2 want: 0.28.2
136 silly placeDep node_modules/tsx @esbuild/freebsd-x64@0.28.2 OK for: esbuild@0.28.2 want: 0.28.2
137 silly placeDep node_modules/tsx @esbuild/linux-arm@0.28.2 OK for: esbuild@0.28.2 want: 0.28.2
138 silly placeDep node_modules/tsx @esbuild/linux-arm64@0.28.2 OK for: esbuild@0.28.2 want: 0.28.2
139 silly placeDep node_modules/tsx @esbuild/linux-ia32@0.28.2 OK for: esbuild@0.28.2 want: 0.28.2
140 silly placeDep node_modules/tsx @esbuild/linux-loong64@0.28.2 OK for: esbuild@0.28.2 want: 0.28.2
141 silly placeDep node_modules/tsx @esbuild/linux-mips64el@0.28.2 OK for: esbuild@0.28.2 want: 0.28.2
142 silly placeDep node_modules/tsx @esbuild/linux-ppc64@0.28.2 OK for: esbuild@0.28.2 want: 0.28.2
143 silly placeDep node_modules/tsx @esbuild/linux-riscv64@0.28.2 OK for: esbuild@0.28.2 want: 0.28.2
144 silly placeDep node_modules/tsx @esbuild/linux-s390x@0.28.2 OK for: esbuild@0.28.2 want: 0.28.2
145 silly placeDep node_modules/tsx @esbuild/linux-x64@0.28.2 OK for: esbuild@0.28.2 want: 0.28.2
146 silly placeDep node_modules/tsx @esbuild/netbsd-arm64@0.28.2 OK for: esbuild@0.28.2 want: 0.28.2
147 silly placeDep node_modules/tsx @esbuild/netbsd-x64@0.28.2 OK for: esbuild@0.28.2 want: 0.28.2
148 silly placeDep node_modules/tsx @esbuild/openbsd-arm64@0.28.2 OK for: esbuild@0.28.2 want: 0.28.2
149 silly placeDep node_modules/tsx @esbuild/openbsd-x64@0.28.2 OK for: esbuild@0.28.2 want: 0.28.2
150 silly placeDep node_modules/tsx @esbuild/openharmony-arm64@0.28.2 OK for: esbuild@0.28.2 want: 0.28.2
151 silly placeDep node_modules/tsx @esbuild/sunos-x64@0.28.2 OK for: esbuild@0.28.2 want: 0.28.2
152 silly placeDep node_modules/tsx @esbuild/win32-arm64@0.28.2 OK for: esbuild@0.28.2 want: 0.28.2
153 silly placeDep node_modules/tsx @esbuild/win32-ia32@0.28.2 OK for: esbuild@0.28.2 want: 0.28.2
154 silly placeDep node_modules/tsx @esbuild/win32-x64@0.28.2 OK for: esbuild@0.28.2 want: 0.28.2
155 silly reify moves {}
156 silly audit bulk request {
156 silly audit   '@esbuild/aix-ppc64': [ '0.25.12', '0.28.2' ],
156 silly audit   '@esbuild/android-arm': [ '0.25.12', '0.28.2' ],
156 silly audit   '@esbuild/android-arm64': [ '0.25.12', '0.28.2' ],
156 silly audit   '@esbuild/android-x64': [ '0.25.12', '0.28.2' ],
156 silly audit   '@esbuild/darwin-arm64': [ '0.25.12', '0.28.2' ],
156 silly audit   '@esbuild/darwin-x64': [ '0.25.12', '0.28.2' ],
156 silly audit   '@esbuild/freebsd-arm64': [ '0.25.12', '0.28.2' ],
156 silly audit   '@esbuild/freebsd-x64': [ '0.25.12', '0.28.2' ],
156 silly audit   '@esbuild/linux-arm': [ '0.25.12', '0.28.2' ],
156 silly audit   '@esbuild/linux-arm64': [ '0.25.12', '0.28.2' ],
156 silly audit   '@esbuild/linux-ia32': [ '0.25.12', '0.28.2' ],
156 silly audit   '@esbuild/linux-loong64': [ '0.25.12', '0.28.2' ],
156 silly audit   '@esbuild/linux-mips64el': [ '0.25.12', '0.28.2' ],
156 silly audit   '@esbuild/linux-ppc64': [ '0.25.12', '0.28.2' ],
156 silly audit   '@esbuild/linux-riscv64': [ '0.25.12', '0.28.2' ],
156 silly audit   '@esbuild/linux-s390x': [ '0.25.12', '0.28.2' ],
156 silly audit   '@esbuild/linux-x64': [ '0.25.12', '0.28.2' ],
156 silly audit   '@esbuild/netbsd-arm64': [ '0.25.12', '0.28.2' ],
156 silly audit   '@esbuild/netbsd-x64': [ '0.25.12', '0.28.2' ],
156 silly audit   '@esbuild/openbsd-arm64': [ '0.25.12', '0.28.2' ],
156 silly audit   '@esbuild/openbsd-x64': [ '0.25.12', '0.28.2' ],
156 silly audit   '@esbuild/openharmony-arm64': [ '0.25.12', '0.28.2' ],
156 silly audit   '@esbuild/sunos-x64': [ '0.25.12', '0.28.2' ],
156 silly audit   '@esbuild/win32-arm64': [ '0.25.12', '0.28.2' ],
156 silly audit   '@esbuild/win32-ia32': [ '0.25.12', '0.28.2' ],
156 silly audit   '@esbuild/win32-x64': [ '0.25.12', '0.28.2' ],
156 silly audit   '@napi-rs/lzma-linux-x64-gnu': [ '1.5.1' ],
156 silly audit   '@rollup/rollup-android-arm-eabi': [ '4.62.4' ],
156 silly audit   '@rollup/rollup-android-arm64': [ '4.62.4' ],
156 silly audit   '@rollup/rollup-darwin-arm64': [ '4.62.4' ],
156 silly audit   '@rollup/rollup-darwin-x64': [ '4.62.4' ],
156 silly audit   '@rollup/rollup-freebsd-arm64': [ '4.62.4' ],
156 silly audit   '@rollup/rollup-freebsd-x64': [ '4.62.4' ],
156 silly audit   '@rollup/rollup-linux-arm-gnueabihf': [ '4.62.4' ],
156 silly audit   '@rollup/rollup-linux-arm-musleabihf': [ '4.62.4' ],
156 silly audit   '@rollup/rollup-linux-arm64-gnu': [ '4.62.4' ],
156 silly audit   '@rollup/rollup-linux-arm64-musl': [ '4.62.4' ],
156 silly audit   '@rollup/rollup-linux-loong64-gnu': [ '4.62.4' ],
156 silly audit   '@rollup/rollup-linux-loong64-musl': [ '4.62.4' ],
156 silly audit   '@rollup/rollup-linux-ppc64-gnu': [ '4.62.4' ],
156 silly audit   '@rollup/rollup-linux-ppc64-musl': [ '4.62.4' ],
156 silly audit   '@rollup/rollup-linux-riscv64-gnu': [ '4.62.4' ],
156 silly audit   '@rollup/rollup-linux-riscv64-musl': [ '4.62.4' ],
156 silly audit   '@rollup/rollup-linux-s390x-gnu': [ '4.62.4' ],
156 silly audit   '@rollup/rollup-linux-x64-gnu': [ '4.62.4' ],
156 silly audit   '@rollup/rollup-linux-x64-musl': [ '4.62.4' ],
156 silly audit   '@rollup/rollup-openbsd-x64': [ '4.62.4' ],
156 silly audit   '@rollup/rollup-openharmony-arm64': [ '4.62.4' ],
156 silly audit   '@rollup/rollup-win32-arm64-msvc': [ '4.62.4' ],
156 silly audit   '@rollup/rollup-win32-ia32-msvc': [ '4.62.4' ],
156 silly audit   '@rollup/rollup-win32-x64-gnu': [ '4.62.4' ],
156 silly audit   '@rollup/rollup-win32-x64-msvc': [ '4.62.4' ],
156 silly audit   '@types/estree': [ '1.0.9' ],
156 silly audit   esbuild: [ '0.25.12', '0.28.2' ],
156 silly audit   fdir: [ '6.5.0' ],
156 silly audit   fsevents: [ '2.3.3' ],
156 silly audit   nanoid: [ '3.3.18' ],
156 silly audit   picocolors: [ '1.1.1' ],
156 silly audit   picomatch: [ '4.0.5' ],
156 silly audit   postcss: [ '8.5.26' ],
156 silly audit   rollup: [ '4.62.4' ],
156 silly audit   'source-map-js': [ '1.2.1' ],
156 silly audit   tinyglobby: [ '0.2.17' ],
156 silly audit   typescript: [ '5.9.3' ],
156 silly audit   vite: [ '6.4.3' ],
156 silly audit   tsx: [ '4.23.12' ]
156 silly audit }
157 http cache tsx@https://registry.npmmirror.com/tsx/-/tsx-4.23.12.tgz 0ms (cache hit)
158 http cache esbuild@https://registry.npmmirror.com/esbuild/-/esbuild-0.28.2.tgz 0ms (cache hit)
159 http cache @esbuild/win32-x64@https://registry.npmmirror.com/@esbuild/win32-x64/-/win32-x64-0.28.2.tgz 0ms (cache hit)
160 silly tarball no local data for tsx@https://registry.npmmirror.com/tsx/-/tsx-4.23.12.tgz. Extracting by manifest.
161 silly tarball no local data for esbuild@https://registry.npmmirror.com/esbuild/-/esbuild-0.28.2.tgz. Extracting by manifest.
162 silly tarball no local data for @esbuild/win32-x64@https://registry.npmmirror.com/@esbuild/win32-x64/-/win32-x64-0.28.2.tgz. Extracting by manifest.
163 http fetch POST 404 https://registry.npmmirror.com/-/npm/v1/security/advisories/bulk 52ms
164 verbose audit error HttpErrorGeneral: 404 Not Found - POST https://registry.npmmirror.com/-/npm/v1/security/advisories/bulk - [NOT_IMPLEMENTED] /-/npm/v1/security/* not implemented yet
164 verbose audit error     at D:\node_modules\npm\node_modules\npm-registry-fetch\lib\check-response.js:103:15
164 verbose audit error     at process.processTicksAndRejections (node:internal/process/task_queues:104:5)
164 verbose audit error     at async #getReport (D:\node_modules\npm\node_modules\@npmcli\arborist\lib\audit-report.js:275:19)
164 verbose audit error     at async AuditReport.run (D:\node_modules\npm\node_modules\@npmcli\arborist\lib\audit-report.js:100:19) {
164 verbose audit error   headers: [Object: null prototype] {
164 verbose audit error     server: [ 'Tengine' ],
164 verbose audit error     date: [ 'Fri, 21 Aug 2026 00:14:03 GMT' ],
164 verbose audit error     'content-type': [ 'application/json' ],
164 verbose audit error     'transfer-encoding': [ 'chunked' ],
164 verbose audit error     connection: [ 'keep-alive' ],
164 verbose audit error     'strict-transport-security': [ 'max-age=5184000' ],
164 verbose audit error     via: [ 'kunlun4.cn7971[,404666]' ],
164 verbose audit error     'timing-allow-origin': [ '*' ],
164 verbose audit error     eagleid: [ '7ae4d61817872712433211851e' ],
164 verbose audit error     'x-fetch-attempts': [ '1' ]
164 verbose audit error   },
164 verbose audit error   statusCode: 404,
164 verbose audit error   code: 'E404',
164 verbose audit error   method: 'POST',
164 verbose audit error   uri: 'https://registry.npmmirror.com/-/npm/v1/security/advisories/bulk',
164 verbose audit error   body: {
164 verbose audit error     error: '[NOT_IMPLEMENTED] /-/npm/v1/security/* not implemented yet'
164 verbose audit error   },
164 verbose audit error   pkgid: undefined
164 verbose audit error }
165 silly audit error [object Object]
166 silly audit report null
167 http fetch GET 200 https://cdn.npmmirror.com/packages/esbuild/0.28.2/esbuild-0.28.2.tgz 515ms (cache miss)
168 http fetch GET 200 https://cdn.npmmirror.com/packages/tsx/4.23.12/tsx-4.23.12.tgz 654ms (cache miss)
169 http fetch GET 200 https://cdn.npmmirror.com/packages/%40esbuild/win32-x64/0.28.2/win32-x64-0.28.2.tgz 1453ms (cache miss)
170 info run esbuild@0.28.2 postinstall node_modules/tsx/node_modules/esbuild node install.js
171 info run esbuild@0.28.2 postinstall { code: 0, signal: null }
172 silly ADD node_modules/tsx
173 silly ADD node_modules/tsx/node_modules/@esbuild/win32-x64
174 silly ADD node_modules/tsx/node_modules/esbuild
175 warn allow-scripts 2 packages have install scripts not yet covered by allowScripts:
175 warn allow-scripts   esbuild@0.25.12 (postinstall: node install.js)
175 warn allow-scripts   esbuild@0.28.2 (postinstall: node install.js)
175 warn allow-scripts
175 warn allow-scripts Run `npm approve-scripts --allow-scripts-pending` to review, or `npm approve-scripts <pkg>` to allow.
176 verbose cwd E:\DarkSequence
177 verbose os Windows_NT 10.0.19045
178 verbose node v24.19.0
179 verbose npm  v11.17.0
180 verbose exit 0
181 info ok
